[
  "ncloud_access_control_group",
  "ncloud_access_control_group_rule",
  "ncloud_auto_scaling_group",
  "ncloud_auto_scaling_policy",
  "ncloud_auto_scaling_schedule",
  "ncloud_block_storage",
  "ncloud_block_storage_snapshot",
  "ncloud_cdss_cluster",
  "ncloud_cdss_config_group",
  "ncloud_hadoop",
  "ncloud_init_script",
  "ncloud_launch_configuration",
  "ncloud_lb",
  "ncloud_lb_listener",
  "ncloud_lb_target_group",
  "ncloud_lb_target_group_attachment",
  "ncloud_login_key",
  "ncloud_mongodb",
  "ncloud_mongodb_users",
  "ncloud_mssql",
  "ncloud_mysql",
  "ncloud_mysql_databases",
  "ncloud_mysql_recovery",
  "ncloud_mysql_slave",
  "ncloud_mysql_users",
  "ncloud_nas_volume",
  "ncloud_nat_gateway",
  "ncloud_network_acl",
  "ncloud_network_acl_deny_allow_group",
  "ncloud_network_acl_rule",
  "ncloud_network_interface",
  "ncloud_nks_cluster",
  "ncloud_nks_node_pool",
  "ncloud_objectstorage_bucket",
  "ncloud_objectstorage_bucket_acl",
  "ncloud_objectstorage_object",
  "ncloud_objectstorage_object_acl",
  "ncloud_objectstorage_object_copy",
  "ncloud_placement_group",
  "ncloud_postgresql",
  "ncloud_postgresql_databases",
  "ncloud_postgresql_read_replica",
  "ncloud_postgresql_users",
  "ncloud_public_ip",
  "ncloud_redis",
  "ncloud_redis_config_group",
  "ncloud_route",
  "ncloud_route_table",
  "ncloud_route_table_association",
  "ncloud_server",
  "ncloud_ses_cluster",
  "ncloud_sourcebuild_project",
  "ncloud_sourcecommit_repository",
  "ncloud_sourcedeploy_project",
  "ncloud_sourcedeploy_project_stage",
  "ncloud_sourcedeploy_project_stage_scenario",
  "ncloud_sourcepipeline_project",
  "ncloud_subnet",
  "ncloud_vpc",
  "ncloud_vpc_peering"
]
